Calling circles for data set 1:
bufing
casey, develops
electro
nominated
caroline
acne
exclusion
expired, chevy, emperor

Calling circles for data set 2:
briefs
charging
settle, baghdad
pens
complimentary, abraham, sally, charitable, disciplinary
belfast
viral, stephanie, rendered, refrigerator

Calling circles for data set 3:
waiver
deviation
washer
watershed
tear
editorials
varies, dozens, shine, computation, leone, tions, papua, jackie, restored, stan, myth, educated, cardiff, wesley, namespace, outputs, shark, parcel, disciplines

Calling circles for data set 4:
alloy
preston
oecd, prerequisite, hayes, elevation, mime, mattress, jenny, walt, cornwall, hyundai

Calling circles for data set 5:
verde
webpage
incidence
lesser
laden
openings
fraser, purse, cathedral, wallet, upset, mime, broader, mixer, gradually, wiring, realtor, adolescent, leone, dock, requesting, gazette, tribunal, musician, logan

Calling circles for data set 6:
chevy
workout, receivers, entertaining, vagina, lexus, specially, dried, brook, upset, passive, privilege, corrected, performer, polished

Calling circles for data set 7:
potato
cindy
intimate
respected
brakes
muscles
appropriations
incidence
hypothesis
mysimon
burlington
panic
shine
importantly
insulin
undo
vegetarian
johns

Calling circles for data set 8:
mustang
mixer
strikes
commitments
donors, nirvana, heated, scholar, hayes, retrieval, oman, gazette, cheque, sticky, thinkpad, stays, derek, referenced, champagne, travels, pipes

Calling circles for data set 9:
null

Calling circles for data set 10:
vsnet
kinda
magical
disciplinary
utilization
incidents
luther
samba
gays
scuba
johns
refined
framing
harley
invision
declined
sbjct
pierce
investigated
annotated

Calling circles for data set 11:
utilize
pork
intersection
lighter
usda, fridge, bedford, mentor, accent, adaptor, petite, omissions, jenny, brochures, coated, counted
ratios
beginner
introductory

Calling circles for data set 12:
jenny
disciplines
educated
bedford
madness
niagara
vagina
halo
celebs
beginner
heel
demographic, pockets
opponent
disclose

Calling circles for data set 13:
dylan
atmospheric
performer
scuba
homeless
navigator

Calling circles for data set 14:
scenic
diffs
barn
fathers
travelling
plastics
complement
acne, reliance, journalist
deaf, tracy

Calling circles for data set 15:
annoying
retrieval
suited
unnecessary
favors, triumph, token, buses
barn
advisors
yale
framing
lately, renewable, economies, hypothesis, watershed, feof, expired, bloody, ensemble, paraguay, deadly, azerbaijan

Calling circles for data set 16:
renewable
jackie
hypothesis
blocking
chevy
badge, gaps, moss, hearings, burke, reservoir, superintendent

Calling circles for data set 17:
motherboard
designation
mumbai
ratios
hash, bite, revisions, lafayette, palestine, decimal, dispatch, warriors, gays, apparatus, remind, hungry, buys, gale, webpage, lexus, bedford, squirt

Calling circles for data set 18:
dash
cindy
apparatus
palestine
fraser
coleman
tuner
pensions
allan
hint
recovered
councils
geology
julian

Calling circles for data set 19:
nato
mysimon
favors, stan, masturbation, senators, token, fraser, finals, collectors, edgar, libs, cork, condos, alike, raises, titled, achievements, craps, encountered, cardiff, prototype, sagem, baths, denial

Calling circles for data set 20:
bunny
elliott
vagina
invitations
sexuality
ferrari
welding
peripheral
publicity
alternatively
daughters
allan
cardiovascular
masturbation
samba
belfast

Calling circles for data set 21:
phenomenon
striking
lanes
merry
ambassador
denial
gasoline
charming
employ
pastor
purse, thinkpad, habits, reservoir, hypothesis, sorts, ventures, bloomberg, gibraltar

Calling circles for data set 22:
nationally, coating, gasoline

Calling circles for data set 23:
donors
alternatively, cage, courage, weighted, dispatch, validity, riders, prix, purse, postcard, intimate, utilization, deaf, merger, disciplines, refrigerator, conclude, flavor
blah
clearing

Calling circles for data set 24:
peripheral
rosa
passwords
conversations
pasta
dependence
characterized
accompanying
ballot
merry
rage
parcel
breach
valued
dramatically
curves
cancelled
destiny, moss, locking, trustee
televisions
sewing
variance
miracle

Calling circles for data set 25:
homeless
anthropology
learners
helicopter
nomination
shorter, differently, yugoslavia, exclusion, nato, pens, shine, duplicate, vietnamese, malawi, cornwall, flavor, doom, rendered, travels, consistency, vatican

Calling circles for data set 26:
sacrifice
refined, liberia, cardiac, replacing, accent, hostel, opponent, pledge, hayes, bufing, gays, nickel, transsexual, informative

Calling circles for data set 27:
beside, qualifying, lawsuit, vegetarian, contacting, mentor, belts, adrian

Calling circles for data set 28:
specialties
expedia
develops
yale
charitable
worcester
drove
bibliographic
pillow
namespace
dried
nextel
draws, refugees
characterization

Calling circles for data set 29:
serum
proudly
armor
encountered

Calling circles for data set 30:
housewives
introductory
stranger
arbitration, catalyst

Calling circles for data set 31:
momentum
invision
prayers
zinc
bumper
dramatically
baking, validity, focal, align, charms, divx, specially, grad, antibody, afterwards, paraguay, papua, ambient, contamination, anaheim, bucks, fascinating, sexuality, analyzed

Calling circles for data set 32:
lately
boating
emacs, squirt, delight, moses, mixer, skating, libs

Calling circles for data set 33:
opponent
utilize, hash, reporters, belfast, endorsed, decimal
rebound

Calling circles for data set 34:
postcard
tuner, batman
sperm
leon

Calling circles for data set 35:
bacterial
continuity
mustang
religions
passwords
handjobs
routines, differently
relying
collectors
watershed
receivers
aruba
televisions
brakes
cingular
obesity
munich
climb, griffin
intimate
homeless, angola
qualities

Calling circles for data set 36:
kenny
specialties
pledge
moses
ratios
qualities, bumper, tear, omissions, urls
marking, fridge, chassis, refrigerator
circles

Calling circles for data set 37:
briefs
gasoline, habits, unnecessary, journalist, hostels, conscious

Calling circles for data set 38:
touring
pastor
purse
adaptive
cleared
engaging, relying, extraction, assured, empirical, elliott, finals, talented
alot

Calling circles for data set 39:
lazy, pockets, wrist, preston

Calling circles for data set 40:
manually
navigator
marking
strand
cove
anaheim

Calling circles for data set 41:
arbitration
replacing
develops, tsunami, deaf, bras, supplemental, dryer, tooth, pale, beverages, draws

Calling circles for data set 42:
mods
hungry
zinc
velvet
mime, compromise, framing, limiting, vietnamese, tooth, heath, rolled, educated, hypothetical, differently, signatures, elliott, aquatic, undertake, wrist, liberia, brook, yields

Calling circles for data set 43:
confidentiality
orgasm
wendy, unlock

Calling circles for data set 44:
lighter
investigators
jenny
scout
interference
medicines
convertible, occupations, merry, blowing, publicity, allan, sbjct, tomatoes

Calling circles for data set 45:
nickel
catalyst
undertake
brutal, televisions, advisors
fears
aruba
characterization
regression
pushing
convergence, chevy, trainers, podcasts, oman

Calling circles for data set 46:
emperor
liberia, superintendent, passwords, brutal, remark, pushing, restored, utilize, vagina, occurring, drilling, mixer, sapphire, boxed, cardiovascular, paragraphs, sherman

Calling circles for data set 47:
sherman
expired
pensions
simpsons, jackie, urls, vatican, greensboro, intimate, trustee, portraits, endangered, annotated, nest, optimize, enhancing, moss, owns, plastics, coated

Calling circles for data set 48:
mpegs
configuring, wrapped

Calling circles for data set 49:
sewing
journalist
conscious

Calling circles for data set 50:
zinc
opponents
expired
compromise
functioning

Calling circles for data set 51:
samba
jewel
sally
dana
conscious
convinced, vegetarian, obesity, fought

Calling circles for data set 52:
interpreted, suggesting

Calling circles for data set 53:
intend
educated
travelling
senegal

Calling circles for data set 54:
papua
collectors
purse, gibraltar, pasta, angela, thinkpad, emacs, worcester, bald, pencil, slovak

Calling circles for data set 55:
expedia, suspected, educated, dome, yang, radios
garcia
sperm
charms, rendered, corrected

Calling circles for data set 56:
purse
remedies
privileges, buys, clusters, contamination, medicines, andorra

Calling circles for data set 57:
skating, nest, curtis

Calling circles for data set 58:
thinkpad, yale, cove, miracle, steal, carb, seekers, gossip, smilies, collectors, reasoning, disciplinary, declare, colon
hitachi
softball
walt
emerald
petite

Calling circles for data set 59:
heel
oecd, bedford, avon, eval, continuity, penetration, skirts, flex, dryer

Calling circles for data set 60:
mauritius
powerseller
waterproof, johns, baghdad, lesser, respected, nvidia, intervals, altered, skirts, bras, counted, rendering, stopping, mines, appropriations, rwanda

Calling circles for data set 61:
rebound
hypothesis
incl
hugh
controversial
token, prefers
utilization
bloody
televisions, keen, waiver, instructors, altered, phenomenon, cameroon, halo, reasoning, specialties

Calling circles for data set 62:
null

Calling circles for data set 63:
magical
curtis
enhancing, denial, mines, allowance, relates, passive, councils, revisions, qualifying, pale, economies, sticky, cameroon, valued, annotated

Calling circles for data set 64:
mpegs
buys
pavilion
opponents, discrete, dubai, compromise, zinc, predictions, denial, pierce, toddler, singh, drilling, rolled, washer, mali, maui, owns, nickel, complimentary, secretariat, efficiently, gaps, guards

Calling circles for data set 65:
housewives
niagara
performs
yugoslavia
laughing
cliff
ruled
hamburg
organised
teaches
trusts
cardiff
sticks
bloody
scout
badge
touring
appropriations
gilbert
nudity
pontiac
champagne
tsunami

Calling circles for data set 66:
entertaining, counted, analyzed, niagara, routines, performer

Calling circles for data set 67:
banana
angola
influences
demonstrates
walnut
textbook
helmet
joins
rendered
elect
derby
elevation
utilize
herb
serbia
changelog
dried
tribunal
councils
trustee
efficiently
wrapped

Calling circles for data set 68:
textbook
banners, restrict, warriors, beats, dependence, deferred, fundamentals

Calling circles for data set 69:
gently
simplified
rolled, drainage, disciplinary, basement, validity
unlock

Calling circles for data set 70:
religions
warriors
corners
libs
integrating
disciplines
introductory
designation
shorter
reject
metres
pipes
walnut
altered
textbook
heath
antibody
flux

Calling circles for data set 71:
freeze
parcel
sacrifice
opponents
herb
antibody
reforms, adaptor, revisions, helicopter, competent, maui, buys, ensemble, mixer, flush, needle, scuba, functioning, picking, bloomberg

Calling circles for data set 72:
centered
italia
champagne
align, dispatch, cadillac, peas, cakes, recovered, garlic, cardiac, washer, hash, realtor, hamburg, conclude, writings, afterwards, preston, clusters, continuity, convergence, firewire

Calling circles for data set 73:
kinase
metres
rolled
angola, biblical, conscious, consistency, daughters, catalyst, tremendous, stranger, tear, stephanie, disclose, designation, sacrifice, belts, oman, upgrading, drilling, champagne, remind, cakes, pulling
highways

Calling circles for data set 74:
chevy
rangers
baking
renewable
cliff
kinase
likelihood
baths
penguin
gossip
realtor
freeze
vertex

Calling circles for data set 75:
collectors
peterson
fears
refrigerator
smilies
mime
fairfield
requesting
derby
cornwall
shorter
boutique
phenomenon, rendering, onion, neighbor, vagina, dozens, dana, blacks, batman, hostel, inbox, plots, fraser

Calling circles for data set 76:
intend
owns
carb
mentor
petite
finals
pencil
incidents
kruger
bite
cardiovascular
peripheral, joins, eval, cottages, bufing, msie, wesley, homeless, explosion, survivor, hepatitis, hugh, aquatic, radios

Calling circles for data set 77:
dependence
motherboard, guards, fleece, blocked, bibliographic, travelling, utilization, contributor, yugoslavia, prefers, superintendent
outputs

Calling circles for data set 78:
guru
onion
dozens
newfoundland
engaging
ping
maximize
abandoned
mods
polyester
empirical
compromise
differently
computed, cathedral, restrict, pierce, riders, helmet, ozone, journalist, hepatitis

Calling circles for data set 79:
beginners
exec
supplemental
destiny
acne
suited, yang, batman, springer, continuously, courage, researcher, velvet, parcel, disciplinary, distant, commissions

Calling circles for data set 80:
regression
dice, routines, invision, denial, cult, owns, accomplish, helmet, declined, adaptor, hitting, inspections, brutal, myth, pierce, palestine, riders, urls, trader, tariff, decimal

Calling circles for data set 81:
purse
belts
remind
gasoline, expiration, electro, fuji, prefers, gossip, expired, ensemble, introductory, postcard, ladder, optimize, belle, afterwards, outputs

Calling circles for data set 82:
steal
oman, peripheral, retrieval, interpreted, refrigerator, lighter, purse, pastor, celebs, undo, champagne, belfast, proudly, contributor, jackie, clusters, frontier

Calling circles for data set 83:
clusters
cingular
shannon
verde
deadly
yale, courage, dressed, gibraltar, exclusion, scenarios, scout, reporters, cubic, momentum

Calling circles for data set 84:
sentences
survivor
batman
nitrogen, convertible
reasoning, cliff, investigators, spies, doctrine, muscles, titled, workout

Calling circles for data set 85:
divx
finals
seekers
logan
coating
tsunami
kyle, religions
invision
prostate
momentum
rouge
slovak
adaptive, libs

Calling circles for data set 86:
conversations
cage
cadillac
malawi
moses
maximize
sally
orgasm
desirable
mime
entertaining
cakes
obesity
routines
chevy
crawford
mpegs, hitachi, chassis, bloody

Calling circles for data set 87:
circles
terrain
acne
commented
sentences
jake
realtor
achievements
sheriff
riders
holocaust
competent
remainder
mixer

Calling circles for data set 88:
surprising
cingular
explosion
waterproof
acrylic
collectors
employ
sewing
likelihood
likewise
weed
varies
requesting
metres

Calling circles for data set 89:
longest
stopping
impaired
likewise
renewable
organised
granny
dana
cunt
armor
daughters
writings
emacs
swift
ruled, yemen, firewire

Calling circles for data set 90:
aberdeen
heel
triumph
idle
numeric
kruger

Calling circles for data set 91:
robertson, deaf, slovak, casey, papua

Calling circles for data set 92:
jewel
allowance
hungry
serbia
vids, cove, hostels, conclude, undo, reasoning, chargers, nudity, beings

Calling circles for data set 93:
specializing
charging
advisors, accompanying, peterson, cardiff, contamination, motherboard, sticks, asus, climb, learners, wrapped, radios, smilies, alto, yugoslavia

Calling circles for data set 94:
kinda
usda
researcher
hash
numeric
abraham
introductory
denial, nomination, wesley, yeast
nominated

Calling circles for data set 95:
selective
myth
hierarchy
bloody
marvel
ballet
malawi
endangered
senegal
wiring
penetration
pipes
griffin
obesity
unnecessary
religions
springer
reid
ping
adrian
precisely

Calling circles for data set 96:
pasta
employ
settle
destiny
rolled
alto
polished
wrist
investigated
armor
guards
centered
hash
cult
plots
granny
variance
singh
mustang
creatures
spies
suburban
affair
whale, editorials

Calling circles for data set 97:
touring
navigator
clearing
msie, salvation, educated, collectors, preston, velvet, scuba, fascinating, qualifying, emerald, editorials, civilization, dosage, pockets, routines, disclose, senegal, highways, nationally, yields, vsnet

Calling circles for data set 98:
null

Calling circles for data set 99:
performs
reforms
privilege
flavor
colon

Calling circles for data set 100:
refugees
sorts
privilege
occupations
confidentiality
